

==================================================================================
=== CALIBRE::DRC-H SUMMARY REPORT
===
Execution Date/Time:       Tue Apr 23 11:32:46 2019
Calibre Version:           v2012.2_36.25    Mon Jul 2 12:15:31 PDT 2012
Rule File Pathname:        /home/local/RAMS/egrvlsi07/vlsi/VLSI/Project/bitslice/bitslice.cal/_DRC_
Rule File Title:           
Layout System:             GDS
Layout Path(s):            bitslice.calibre.db
Layout Primary Cell:       bitslice
Current Directory:         /home/local/RAMS/egrvlsi07/vlsi/VLSI/Project/bitslice/bitslice.cal
User Name:                 egrvlsi07
Maximum Results/RuleCheck: 1000
Maximum Result Vertices:   4096
DRC Results Database:      bitslice.drc.results (ASCII)
Layout Depth:              ALL
Text Depth:                PRIMARY
Summary Report File:       bitslice.drc.summary (REPLACE)
Geometry Flagging:         ACUTE = YES  SKEW = YES  ANGLED = NO  OFFGRID = YES
                           NONSIMPLE POLYGON = YES  NONSIMPLE PATH = NO
Excluded Cells:           
CheckText Mapping:         ALL TEXT
Layers:                    MEMORY-BASED
Keep Empty Checks:         YES
----------------------------------------------------------------------------------
--- RUNTIME WARNINGS
---
Layer 6 contains unmapped objects and is the source layer of LAYER MAP == 6 DATATYPE == 1.
Layer 31 contains unmapped objects and is the source layer of LAYER MAP == 31 DATATYPE == 2.
Layer 31 contains unmapped objects and is the source layer of LAYER MAP == 31 DATATYPE == 1.
Layer 32 contains unmapped objects and is the source layer of LAYER MAP == 32 DATATYPE == 2.
Layer 32 contains unmapped objects and is the source layer of LAYER MAP == 32 DATATYPE == 1.
Layer 33 contains unmapped objects and is the source layer of LAYER MAP == 33 DATATYPE == 2.
Layer 33 contains unmapped objects and is the source layer of LAYER MAP == 33 DATATYPE == 1.
Layer 34 contains unmapped objects and is the source layer of LAYER MAP == 34 DATATYPE == 2.
Layer 34 contains unmapped objects and is the source layer of LAYER MAP == 34 DATATYPE == 1.
Layer 35 contains unmapped objects and is the source layer of LAYER MAP == 35 DATATYPE == 2.
Layer 35 contains unmapped objects and is the source layer of LAYER MAP == 35 DATATYPE == 1.
Layer 36 contains unmapped objects and is the source layer of LAYER MAP == 36 DATATYPE == 2.
Layer 36 contains unmapped objects and is the source layer of LAYER MAP == 36 DATATYPE == 1.
Layer 37 contains unmapped objects and is the source layer of LAYER MAP == 37 DATATYPE == 2.
Layer 37 contains unmapped objects and is the source layer of LAYER MAP == 37 DATATYPE == 1.
----------------------------------------------------------------------------------
--- ORIGINAL LAYER STATISTICS
---
LAYER DOD ........ TOTAL Original Geometry Count = 0    (0)
LAYER NDIFFi ..... TOTAL Original Geometry Count = 0    (0)
LAYER PDIFFi ..... TOTAL Original Geometry Count = 0    (0)
LAYER DIFFi ...... TOTAL Original Geometry Count = 34   (272)
LAYER M1SLOTi .... TOTAL Original Geometry Count = 0    (0)
LAYER DUM1 ....... TOTAL Original Geometry Count = 0    (0)
LAYER METAL1i .... TOTAL Original Geometry Count = 284  (2680)
LAYER M2SLOTi .... TOTAL Original Geometry Count = 0    (0)
LAYER DUM2 ....... TOTAL Original Geometry Count = 0    (0)
LAYER METAL2i .... TOTAL Original Geometry Count = 59   (961)
LAYER M3SLOTi .... TOTAL Original Geometry Count = 0    (0)
LAYER DUM3 ....... TOTAL Original Geometry Count = 0    (0)
LAYER METAL3i .... TOTAL Original Geometry Count = 119  (587)
LAYER M4SLOTi .... TOTAL Original Geometry Count = 0    (0)
LAYER DUM4 ....... TOTAL Original Geometry Count = 0    (0)
LAYER METAL4i .... TOTAL Original Geometry Count = 122  (318)
LAYER M5SLOTi .... TOTAL Original Geometry Count = 0    (0)
LAYER DUM5 ....... TOTAL Original Geometry Count = 0    (0)
LAYER METAL5i .... TOTAL Original Geometry Count = 19   (102)
LAYER M6SLOTi .... TOTAL Original Geometry Count = 0    (0)
LAYER DUM6 ....... TOTAL Original Geometry Count = 0    (0)
LAYER METAL6i .... TOTAL Original Geometry Count = 52   (98)
LAYER M7SLOTi .... TOTAL Original Geometry Count = 0    (0)
LAYER DUM7 ....... TOTAL Original Geometry Count = 0    (0)
LAYER METAL7i .... TOTAL Original Geometry Count = 23   (44)
LAYER M8SLOTi .... TOTAL Original Geometry Count = 0    (0)
LAYER DUM8 ....... TOTAL Original Geometry Count = 0    (0)
LAYER METAL8i .... TOTAL Original Geometry Count = 0    (0)
LAYER MDSLOTi .... TOTAL Original Geometry Count = 0    (0)
LAYER DUMMD ...... TOTAL Original Geometry Count = 0    (0)
LAYER MDi ........ TOTAL Original Geometry Count = 0    (0)
LAYER RPOi ....... TOTAL Original Geometry Count = 0    (0)
LAYER RPDUMMY .... TOTAL Original Geometry Count = 0    (0)
LAYER NIMPi ...... TOTAL Original Geometry Count = 17   (136)
LAYER NWDUMMY .... TOTAL Original Geometry Count = 0    (0)
LAYER NWELLi ..... TOTAL Original Geometry Count = 12   (92)
LAYER POLYGi ..... TOTAL Original Geometry Count = 304  (2241)
LAYER DMSRM ...... TOTAL Original Geometry Count = 0    (0)
LAYER EXCLi ...... TOTAL Original Geometry Count = 0    (0)
LAYER CDUDMY ..... TOTAL Original Geometry Count = 0    (0)
LAYER DNWELLi .... TOTAL Original Geometry Count = 0    (0)
LAYER OD2i ....... TOTAL Original Geometry Count = 0    (0)
LAYER DPO ........ TOTAL Original Geometry Count = 0    (0)
LAYER PIMPi ...... TOTAL Original Geometry Count = 17   (136)
LAYER CONTi ...... TOTAL Original Geometry Count = 1057 (7315)
LAYER VIA12i ..... TOTAL Original Geometry Count = 1    (485)
LAYER VIA23i ..... TOTAL Original Geometry Count = 1    (166)
LAYER VIA34i ..... TOTAL Original Geometry Count = 1    (97)
LAYER VIA45i ..... TOTAL Original Geometry Count = 1    (59)
LAYER VIA56i ..... TOTAL Original Geometry Count = 1    (26)
LAYER VIA67i ..... TOTAL Original Geometry Count = 1    (22)
LAYER VIA78i ..... TOTAL Original Geometry Count = 0    (0)
LAYER PADi ....... TOTAL Original Geometry Count = 0    (0)
LAYER CBDi ....... TOTAL Original Geometry Count = 0    (0)
LAYER UBMi ....... TOTAL Original Geometry Count = 0    (0)
LAYER FWi ........ TOTAL Original Geometry Count = 0    (0)
LAYER PMDMY ...... TOTAL Original Geometry Count = 0    (0)
LAYER SEALRING ... TOTAL Original Geometry Count = 0    (0)
LAYER NTNi ....... TOTAL Original Geometry Count = 0    (0)
LAYER VTL_Ni ..... TOTAL Original Geometry Count = 0    (0)
LAYER VTL_Pi ..... TOTAL Original Geometry Count = 0    (0)
LAYER VTH_Ni ..... TOTAL Original Geometry Count = 0    (0)
LAYER VTH_Pi ..... TOTAL Original Geometry Count = 0    (0)
LAYER HOTWL ...... TOTAL Original Geometry Count = 0    (0)
LAYER SDI ........ TOTAL Original Geometry Count = 0    (0)
LAYER LMARK ...... TOTAL Original Geometry Count = 0    (0)
LAYER ODBLK ...... TOTAL Original Geometry Count = 0    (0)
LAYER CSRDMY ..... TOTAL Original Geometry Count = 0    (0)
LAYER VARDMY ..... TOTAL Original Geometry Count = 0    (0)
LAYER RHDMY ...... TOTAL Original Geometry Count = 0    (0)
LAYER ESD2DMY .... TOTAL Original Geometry Count = 0    (0)
LAYER ESD1DMY .... TOTAL Original Geometry Count = 0    (0)
LAYER DRCDUMMY ... TOTAL Original Geometry Count = 0    (0)
LAYER VIADi ...... TOTAL Original Geometry Count = 0    (0)
LAYER INDDMY ..... TOTAL Original Geometry Count = 0    (0)
----------------------------------------------------------------------------------
--- RULECHECK RESULTS STATISTICS
---
RULECHECK G.1 .................... TOTAL Result Count = 0 (0)
RULECHECK G.3 .................... TOTAL Result Count = 0 (0)
RULECHECK NW.W.1 ................. TOTAL Result Count = 0 (0)
RULECHECK NW.W.2 ................. TOTAL Result Count = 0 (0)
RULECHECK NW.S.1 ................. TOTAL Result Count = 0 (0)
RULECHECK NW.S.2 ................. TOTAL Result Count = 0 (0)
RULECHECK NW.S.3 ................. TOTAL Result Count = 0 (0)
RULECHECK NW.A.1 ................. TOTAL Result Count = 0 (0)
RULECHECK NW.A.2 ................. TOTAL Result Count = 0 (0)
RULECHECK NWR.S.1 ................ TOTAL Result Count = 0 (0)
RULECHECK NWR.E.1 ................ TOTAL Result Count = 0 (0)
RULECHECK NWR.E.2 ................ TOTAL Result Count = 0 (0)
RULECHECK NWR.C.1 ................ TOTAL Result Count = 0 (0)
RULECHECK NWR.C.2 ................ TOTAL Result Count = 0 (0)
RULECHECK NWR.O.1 ................ TOTAL Result Count = 0 (0)
RULECHECK NWR.R.1 ................ TOTAL Result Count = 0 (0)
RULECHECK DNW.I.1 ................ TOTAL Result Count = 0 (0)
RULECHECK DNW.W.1 ................ TOTAL Result Count = 0 (0)
RULECHECK DNW.S.1 ................ TOTAL Result Count = 0 (0)
RULECHECK DNW.E.1 ................ TOTAL Result Count = 0 (0)
RULECHECK DNW.O.1 ................ TOTAL Result Count = 0 (0)
RULECHECK DNW.C.1 ................ TOTAL Result Count = 0 (0)
RULECHECK NT_N.I.1 ............... TOTAL Result Count = 0 (0)
RULECHECK NT_N.I.3 ............... TOTAL Result Count = 0 (0)
RULECHECK NT_N.I.4 ............... TOTAL Result Count = 0 (0)
RULECHECK NT_N.I.5 ............... TOTAL Result Count = 0 (0)
RULECHECK NT_N.W.1 ............... TOTAL Result Count = 0 (0)
RULECHECK NT_N.W.2 ............... TOTAL Result Count = 0 (0)
RULECHECK NT_N.W.3 ............... TOTAL Result Count = 0 (0)
RULECHECK NT_N.S.1 ............... TOTAL Result Count = 0 (0)
RULECHECK NT_N.E.1 ............... TOTAL Result Count = 0 (0)
RULECHECK NT_N.C.1 ............... TOTAL Result Count = 0 (0)
RULECHECK NT_N.C.2 ............... TOTAL Result Count = 0 (0)
RULECHECK NT_N.PO.1 .............. TOTAL Result Count = 0 (0)
RULECHECK VTL_N.I.1 .............. TOTAL Result Count = 0 (0)
RULECHECK VTL_N.I.2 .............. TOTAL Result Count = 0 (0)
RULECHECK VTL_N.W.1 .............. TOTAL Result Count = 0 (0)
RULECHECK VTL_N.W.2 .............. TOTAL Result Count = 0 (0)
RULECHECK VTL_N.S.1 .............. TOTAL Result Count = 0 (0)
RULECHECK VTL_N.E.1 .............. TOTAL Result Count = 0 (0)
RULECHECK VTL_N.C.1 .............. TOTAL Result Count = 0 (0)
RULECHECK VTL_N.E.2 .............. TOTAL Result Count = 0 (0)
RULECHECK VTL_N.C.2 .............. TOTAL Result Count = 0 (0)
RULECHECK VTL_P.I.1 .............. TOTAL Result Count = 0 (0)
RULECHECK VTL_P.I.2 .............. TOTAL Result Count = 0 (0)
RULECHECK VTL_P.W.1 .............. TOTAL Result Count = 0 (0)
RULECHECK VTL_P.W.2 .............. TOTAL Result Count = 0 (0)
RULECHECK VTL_P.S.1 .............. TOTAL Result Count = 0 (0)
RULECHECK VTL_P.E.1 .............. TOTAL Result Count = 0 (0)
RULECHECK VTL_P.C.1 .............. TOTAL Result Count = 0 (0)
RULECHECK VTL_P.E.2 .............. TOTAL Result Count = 0 (0)
RULECHECK VTL_P.C.2 .............. TOTAL Result Count = 0 (0)
RULECHECK VTH_N.TITLE.1 .......... TOTAL Result Count = 0 (0)
RULECHECK VTH_N.I.1 .............. TOTAL Result Count = 0 (0)
RULECHECK VTH_N.I.2 .............. TOTAL Result Count = 0 (0)
RULECHECK VTH_N.W.1 .............. TOTAL Result Count = 0 (0)
RULECHECK VTH_N.W.2 .............. TOTAL Result Count = 0 (0)
RULECHECK VTH_N.S.1 .............. TOTAL Result Count = 0 (0)
RULECHECK VTH_N.E.1 .............. TOTAL Result Count = 0 (0)
RULECHECK VTH_N.C.1 .............. TOTAL Result Count = 0 (0)
RULECHECK VTH_N.E.2 .............. TOTAL Result Count = 0 (0)
RULECHECK VTH_N.C.2 .............. TOTAL Result Count = 0 (0)
RULECHECK VTH_P.TITLE.1 .......... TOTAL Result Count = 0 (0)
RULECHECK VTH_P.I.1 .............. TOTAL Result Count = 0 (0)
RULECHECK VTH_P.I.2 .............. TOTAL Result Count = 0 (0)
RULECHECK VTH_P.W.1 .............. TOTAL Result Count = 0 (0)
RULECHECK VTH_P.W.2 .............. TOTAL Result Count = 0 (0)
RULECHECK VTH_P.S.1 .............. TOTAL Result Count = 0 (0)
RULECHECK VTH_P.E.1 .............. TOTAL Result Count = 0 (0)
RULECHECK VTH_P.C.1 .............. TOTAL Result Count = 0 (0)
RULECHECK VTH_P.E.2 .............. TOTAL Result Count = 0 (0)
RULECHECK VTH_P.C.2 .............. TOTAL Result Count = 0 (0)
RULECHECK OD.W.1 ................. TOTAL Result Count = 0 (0)
RULECHECK OD.S.1 ................. TOTAL Result Count = 0 (0)
RULECHECK OD.C.1 ................. TOTAL Result Count = 0 (0)
RULECHECK OD.C.2 ................. TOTAL Result Count = 0 (0)
RULECHECK OD.C.4 ................. TOTAL Result Count = 0 (0)
RULECHECK OD.C.5 ................. TOTAL Result Count = 0 (0)
RULECHECK OD.C.6 ................. TOTAL Result Count = 0 (0)
RULECHECK OD.W.3 ................. TOTAL Result Count = 0 (0)
RULECHECK OD.A.1 ................. TOTAL Result Count = 0 (0)
RULECHECK OD.A.2 ................. TOTAL Result Count = 0 (0)
RULECHECK OD.C.8 ................. TOTAL Result Count = 0 (0)
RULECHECK DOD.I.0 ................ TOTAL Result Count = 0 (0)
RULECHECK DOD.C.1 ................ TOTAL Result Count = 0 (0)
RULECHECK DOD.C.2 ................ TOTAL Result Count = 0 (0)
RULECHECK DOD.C.3 ................ TOTAL Result Count = 0 (0)
RULECHECK DOD.C.4 ................ TOTAL Result Count = 0 (0)
RULECHECK DOD.E.1 ................ TOTAL Result Count = 0 (0)
RULECHECK DOD.C.5 ................ TOTAL Result Count = 0 (0)
RULECHECK DOD.C.6 ................ TOTAL Result Count = 0 (0)
RULECHECK DOD.C.7 ................ TOTAL Result Count = 0 (0)
RULECHECK DOD.C.8 ................ TOTAL Result Count = 0 (0)
RULECHECK DOD.C.9 ................ TOTAL Result Count = 0 (0)
RULECHECK DOD.O.1 ................ TOTAL Result Count = 0 (0)
RULECHECK DOD.USER_GUIDE.1 ....... TOTAL Result Count = 0 (0)
RULECHECK DOD.R.1 ................ TOTAL Result Count = 0 (0)
RULECHECK DOD.R.1.1 .............. TOTAL Result Count = 0 (0)
RULECHECK DOD.R.2 ................ TOTAL Result Count = 0 (0)
RULECHECK DOD.R.2.1 .............. TOTAL Result Count = 0 (0)
RULECHECK OD2.E.1 ................ TOTAL Result Count = 0 (0)
RULECHECK OD2.S.1 ................ TOTAL Result Count = 0 (0)
RULECHECK OD2.C.1 ................ TOTAL Result Count = 0 (0)
RULECHECK OD2.C.2 ................ TOTAL Result Count = 0 (0)
RULECHECK OD2.E.2 ................ TOTAL Result Count = 0 (0)
RULECHECK OD2.E.3 ................ TOTAL Result Count = 0 (0)
RULECHECK OD2.C.3 ................ TOTAL Result Count = 0 (0)
RULECHECK OD2.O.1 ................ TOTAL Result Count = 0 (0)
RULECHECK DPO.I.0 ................ TOTAL Result Count = 0 (0)
RULECHECK PO.W.1B ................ TOTAL Result Count = 0 (0)
RULECHECK PO.W.2B ................ TOTAL Result Count = 0 (0)
RULECHECK PO.W.3 ................. TOTAL Result Count = 0 (0)
RULECHECK PO.S.2 ................. TOTAL Result Count = 0 (0)
RULECHECK PO.S.4 ................. TOTAL Result Count = 0 (0)
RULECHECK PO.S.3 ................. TOTAL Result Count = 0 (0)
RULECHECK PO.C.1 ................. TOTAL Result Count = 0 (0)
RULECHECK PO.C.2 ................. TOTAL Result Count = 0 (0)
RULECHECK PO.O.1 ................. TOTAL Result Count = 0 (0)
RULECHECK PO.R.1 ................. TOTAL Result Count = 0 (0)
RULECHECK PO.R.2 ................. TOTAL Result Count = 1 (1)
RULECHECK PO.W.5 ................. TOTAL Result Count = 0 (0)
RULECHECK PO.A.1 ................. TOTAL Result Count = 0 (0)
RULECHECK PO.A.2 ................. TOTAL Result Count = 0 (0)
RULECHECK PP.W.1 ................. TOTAL Result Count = 0 (0)
RULECHECK PP.S.1 ................. TOTAL Result Count = 0 (0)
RULECHECK PP.C.1 ................. TOTAL Result Count = 0 (0)
RULECHECK PP.C.2 ................. TOTAL Result Count = 0 (0)
RULECHECK PP.C.3 ................. TOTAL Result Count = 0 (0)
RULECHECK PP.C.4 ................. TOTAL Result Count = 0 (0)
RULECHECK PP.E.1 ................. TOTAL Result Count = 0 (0)
RULECHECK PP.E.2 ................. TOTAL Result Count = 0 (0)
RULECHECK PP.A.1 ................. TOTAL Result Count = 0 (0)
RULECHECK PP.E.4 ................. TOTAL Result Count = 0 (0)
RULECHECK PP.E.5 ................. TOTAL Result Count = 0 (0)
RULECHECK PP.C.7 ................. TOTAL Result Count = 0 (0)
RULECHECK PP.R.2 ................. TOTAL Result Count = 0 (0)
RULECHECK PP.A.2 ................. TOTAL Result Count = 0 (0)
RULECHECK NP.W.1 ................. TOTAL Result Count = 0 (0)
RULECHECK NP.S.1 ................. TOTAL Result Count = 0 (0)
RULECHECK NP.C.1 ................. TOTAL Result Count = 0 (0)
RULECHECK NP.C.2 ................. TOTAL Result Count = 0 (0)
RULECHECK NP.C.3 ................. TOTAL Result Count = 0 (0)
RULECHECK NP.C.4 ................. TOTAL Result Count = 0 (0)
RULECHECK NP.E.1 ................. TOTAL Result Count = 0 (0)
RULECHECK NP.E.2 ................. TOTAL Result Count = 0 (0)
RULECHECK NP.A.1 ................. TOTAL Result Count = 0 (0)
RULECHECK NP.E.4 ................. TOTAL Result Count = 0 (0)
RULECHECK NP.E.5 ................. TOTAL Result Count = 0 (0)
RULECHECK NP.C.7 ................. TOTAL Result Count = 0 (0)
RULECHECK NP.A.2 ................. TOTAL Result Count = 0 (0)
RULECHECK LDN.E.1 ................ TOTAL Result Count = 0 (0)
RULECHECK LDN.O.1 ................ TOTAL Result Count = 0 (0)
RULECHECK LDP.E.1 ................ TOTAL Result Count = 0 (0)
RULECHECK LDP.O.1 ................ TOTAL Result Count = 0 (0)
RULECHECK RPO.I.0 ................ TOTAL Result Count = 0 (0)
RULECHECK RPO.W.1 ................ TOTAL Result Count = 0 (0)
RULECHECK RPO.S.1 ................ TOTAL Result Count = 0 (0)
RULECHECK RPO.C.1 ................ TOTAL Result Count = 0 (0)
RULECHECK RPO.C.2 ................ TOTAL Result Count = 0 (0)
RULECHECK RPO.C.3 ................ TOTAL Result Count = 0 (0)
RULECHECK RPO.C.4 ................ TOTAL Result Count = 0 (0)
RULECHECK RPO.E.1 ................ TOTAL Result Count = 0 (0)
RULECHECK RPO.C.5 ................ TOTAL Result Count = 0 (0)
RULECHECK RPO.A.1 ................ TOTAL Result Count = 0 (0)
RULECHECK RPO.C.6 ................ TOTAL Result Count = 0 (0)
RULECHECK RPO.R.2.PO ............. TOTAL Result Count = 0 (0)
RULECHECK RPO.R.2.OD ............. TOTAL Result Count = 0 (0)
RULECHECK CO.W.1 ................. TOTAL Result Count = 0 (0)
RULECHECK CO.S.1 ................. TOTAL Result Count = 0 (0)
RULECHECK CO.S.2 ................. TOTAL Result Count = 0 (0)
RULECHECK CO.C.1 ................. TOTAL Result Count = 0 (0)
RULECHECK CO.C.2 ................. TOTAL Result Count = 0 (0)
RULECHECK CO.E.1 ................. TOTAL Result Count = 0 (0)
RULECHECK CO.E.2 ................. TOTAL Result Count = 0 (0)
RULECHECK CO.E.3 ................. TOTAL Result Count = 0 (0)
RULECHECK CO.E.4 ................. TOTAL Result Count = 0 (0)
RULECHECK CO.E.5 ................. TOTAL Result Count = 0 (0)
RULECHECK M1.W.1 ................. TOTAL Result Count = 0 (0)
RULECHECK M1.S.1 ................. TOTAL Result Count = 0 (0)
RULECHECK M1.E.1 ................. TOTAL Result Count = 0 (0)
RULECHECK M1.E.2 ................. TOTAL Result Count = 0 (0)
RULECHECK M1.S.2 ................. TOTAL Result Count = 0 (0)
RULECHECK M1.A.1 ................. TOTAL Result Count = 0 (0)
RULECHECK M1.S.3 ................. TOTAL Result Count = 0 (0)
RULECHECK M1.W.2 ................. TOTAL Result Count = 0 (0)
RULECHECK M1.S.4 ................. TOTAL Result Count = 0 (0)
RULECHECK M1.A.2 ................. TOTAL Result Count = 0 (0)
RULECHECK VIA1.W.1 ............... TOTAL Result Count = 1 (1)
RULECHECK VIA1.S.1 ............... TOTAL Result Count = 0 (0)
RULECHECK VIA1.S.2 ............... TOTAL Result Count = 0 (0)
RULECHECK VIA1.E.1 ............... TOTAL Result Count = 0 (0)
RULECHECK VIA1.E.2 ............... TOTAL Result Count = 0 (0)
RULECHECK VIA1.R.2 ............... TOTAL Result Count = 0 (0)
RULECHECK M2.W.1 ................. TOTAL Result Count = 0 (0)
RULECHECK M2.S.1 ................. TOTAL Result Count = 0 (0)
RULECHECK M2.E.1 ................. TOTAL Result Count = 0 (0)
RULECHECK M2.E.2 ................. TOTAL Result Count = 0 (0)
RULECHECK M2.S.2 ................. TOTAL Result Count = 0 (0)
RULECHECK M2.A.1 ................. TOTAL Result Count = 0 (0)
RULECHECK M2.S.3 ................. TOTAL Result Count = 0 (0)
RULECHECK M2.W.2 ................. TOTAL Result Count = 0 (0)
RULECHECK M2.S.4 ................. TOTAL Result Count = 0 (0)
RULECHECK M2.A.2 ................. TOTAL Result Count = 0 (0)
RULECHECK M2.S.5 ................. TOTAL Result Count = 0 (0)
RULECHECK M3.W.1 ................. TOTAL Result Count = 0 (0)
RULECHECK M3.S.1 ................. TOTAL Result Count = 0 (0)
RULECHECK M3.E.1 ................. TOTAL Result Count = 0 (0)
RULECHECK M3.E.2 ................. TOTAL Result Count = 0 (0)
RULECHECK M3.S.2 ................. TOTAL Result Count = 0 (0)
RULECHECK M3.A.1 ................. TOTAL Result Count = 0 (0)
RULECHECK M3.S.3 ................. TOTAL Result Count = 0 (0)
RULECHECK M3.W.2 ................. TOTAL Result Count = 0 (0)
RULECHECK M3.S.4 ................. TOTAL Result Count = 0 (0)
RULECHECK M3.A.2 ................. TOTAL Result Count = 0 (0)
RULECHECK M3.S.5 ................. TOTAL Result Count = 0 (0)
RULECHECK M4.W.1 ................. TOTAL Result Count = 0 (0)
RULECHECK M4.S.1 ................. TOTAL Result Count = 0 (0)
RULECHECK M4.E.1 ................. TOTAL Result Count = 0 (0)
RULECHECK M4.E.2 ................. TOTAL Result Count = 0 (0)
RULECHECK M4.S.2 ................. TOTAL Result Count = 0 (0)
RULECHECK M4.A.1 ................. TOTAL Result Count = 0 (0)
RULECHECK M4.S.3 ................. TOTAL Result Count = 0 (0)
RULECHECK M4.W.2 ................. TOTAL Result Count = 0 (0)
RULECHECK M4.S.4 ................. TOTAL Result Count = 0 (0)
RULECHECK M4.A.2 ................. TOTAL Result Count = 0 (0)
RULECHECK M4.S.5 ................. TOTAL Result Count = 0 (0)
RULECHECK M5.W.1 ................. TOTAL Result Count = 0 (0)
RULECHECK M5.S.1 ................. TOTAL Result Count = 0 (0)
RULECHECK M5.E.1 ................. TOTAL Result Count = 0 (0)
RULECHECK M5.E.2 ................. TOTAL Result Count = 0 (0)
RULECHECK M5.S.2 ................. TOTAL Result Count = 0 (0)
RULECHECK M5.A.1 ................. TOTAL Result Count = 0 (0)
RULECHECK M5.S.3 ................. TOTAL Result Count = 0 (0)
RULECHECK M5.W.2 ................. TOTAL Result Count = 0 (0)
RULECHECK M5.S.4 ................. TOTAL Result Count = 0 (0)
RULECHECK M5.A.2 ................. TOTAL Result Count = 0 (0)
RULECHECK M5.S.5 ................. TOTAL Result Count = 0 (0)
RULECHECK M6.W.1 ................. TOTAL Result Count = 0 (0)
RULECHECK M6.S.1 ................. TOTAL Result Count = 0 (0)
RULECHECK M6.E.1 ................. TOTAL Result Count = 0 (0)
RULECHECK M6.E.2 ................. TOTAL Result Count = 0 (0)
RULECHECK M6.S.2 ................. TOTAL Result Count = 0 (0)
RULECHECK M6.A.1 ................. TOTAL Result Count = 0 (0)
RULECHECK M6.S.3 ................. TOTAL Result Count = 0 (0)
RULECHECK M6.W.2 ................. TOTAL Result Count = 0 (0)
RULECHECK M6.S.4 ................. TOTAL Result Count = 0 (0)
RULECHECK M6.A.2 ................. TOTAL Result Count = 0 (0)
RULECHECK M6.S.5 ................. TOTAL Result Count = 0 (0)
RULECHECK M7.W.1 ................. TOTAL Result Count = 0 (0)
RULECHECK M7.S.1 ................. TOTAL Result Count = 0 (0)
RULECHECK M7.E.1 ................. TOTAL Result Count = 0 (0)
RULECHECK M7.E.2 ................. TOTAL Result Count = 0 (0)
RULECHECK M7.S.2 ................. TOTAL Result Count = 0 (0)
RULECHECK M7.A.1 ................. TOTAL Result Count = 0 (0)
RULECHECK M7.S.3 ................. TOTAL Result Count = 0 (0)
RULECHECK M7.W.2 ................. TOTAL Result Count = 0 (0)
RULECHECK M7.S.4 ................. TOTAL Result Count = 0 (0)
RULECHECK M7.A.2 ................. TOTAL Result Count = 0 (0)
RULECHECK M7.S.5 ................. TOTAL Result Count = 0 (0)
RULECHECK VIA2.W.1 ............... TOTAL Result Count = 1 (1)
RULECHECK VIA2.S.1 ............... TOTAL Result Count = 0 (0)
RULECHECK VIA2.S.2 ............... TOTAL Result Count = 0 (0)
RULECHECK VIA2.E.1 ............... TOTAL Result Count = 0 (0)
RULECHECK VIA2.E.2 ............... TOTAL Result Count = 0 (0)
RULECHECK VIA2.R.2 ............... TOTAL Result Count = 0 (0)
RULECHECK VIA3.W.1 ............... TOTAL Result Count = 0 (0)
RULECHECK VIA3.S.1 ............... TOTAL Result Count = 0 (0)
RULECHECK VIA3.S.2 ............... TOTAL Result Count = 0 (0)
RULECHECK VIA3.E.1 ............... TOTAL Result Count = 0 (0)
RULECHECK VIA3.E.2 ............... TOTAL Result Count = 0 (0)
RULECHECK VIA3.R.2 ............... TOTAL Result Count = 0 (0)
RULECHECK VIA4.W.1 ............... TOTAL Result Count = 0 (0)
RULECHECK VIA4.S.1 ............... TOTAL Result Count = 0 (0)
RULECHECK VIA4.S.2 ............... TOTAL Result Count = 0 (0)
RULECHECK VIA4.E.1 ............... TOTAL Result Count = 0 (0)
RULECHECK VIA4.E.2 ............... TOTAL Result Count = 0 (0)
RULECHECK VIA4.R.2 ............... TOTAL Result Count = 0 (0)
RULECHECK VIA5.W.1 ............... TOTAL Result Count = 1 (26)
RULECHECK VIA5.S.1 ............... TOTAL Result Count = 0 (0)
RULECHECK VIA5.S.2 ............... TOTAL Result Count = 0 (0)
RULECHECK VIA5.E.1 ............... TOTAL Result Count = 0 (0)
RULECHECK VIA5.E.2 ............... TOTAL Result Count = 0 (0)
RULECHECK VIA5.R.2 ............... TOTAL Result Count = 0 (0)
RULECHECK VIA6.W.1 ............... TOTAL Result Count = 1 (22)
RULECHECK VIA6.S.1 ............... TOTAL Result Count = 0 (0)
RULECHECK VIA6.S.2 ............... TOTAL Result Count = 0 (0)
RULECHECK VIA6.E.1 ............... TOTAL Result Count = 0 (0)
RULECHECK VIA6.E.2 ............... TOTAL Result Count = 0 (0)
RULECHECK VIA6.R.2 ............... TOTAL Result Count = 0 (0)
RULECHECK M8.W.1.THICK ........... TOTAL Result Count = 0 (0)
RULECHECK M8.S.1.THICK ........... TOTAL Result Count = 0 (0)
RULECHECK M8.E.1.THICK ........... TOTAL Result Count = 0 (0)
RULECHECK M8.S.2.THICK ........... TOTAL Result Count = 0 (0)
RULECHECK M8.A.1.THICK ........... TOTAL Result Count = 0 (0)
RULECHECK M8.A.2.THICK ........... TOTAL Result Count = 0 (0)
RULECHECK VIA7.W.1.THICK ......... TOTAL Result Count = 0 (0)
RULECHECK VIA7.S.1.THICK ......... TOTAL Result Count = 0 (0)
RULECHECK VIA7.S.2.THICK ......... TOTAL Result Count = 0 (0)
RULECHECK VIA7.E.1.THICK ......... TOTAL Result Count = 0 (0)
RULECHECK VIA7.E.2.THICK ......... TOTAL Result Count = 0 (0)
RULECHECK VIA7.R.2.THICK ......... TOTAL Result Count = 0 (0)
RULECHECK M1.R.1L ................ TOTAL Result Count = 0 (0)
RULECHECK M1.R.1H ................ TOTAL Result Count = 0 (0)
RULECHECK M2.R.1L ................ TOTAL Result Count = 0 (0)
RULECHECK M2.R.1H ................ TOTAL Result Count = 0 (0)
RULECHECK M3.R.1L ................ TOTAL Result Count = 0 (0)
RULECHECK M3.R.1H ................ TOTAL Result Count = 0 (0)
RULECHECK M4.R.1L ................ TOTAL Result Count = 0 (0)
RULECHECK M4.R.1H ................ TOTAL Result Count = 0 (0)
RULECHECK M5.R.1L ................ TOTAL Result Count = 0 (0)
RULECHECK M5.R.1H ................ TOTAL Result Count = 0 (0)
RULECHECK M6.R.1L ................ TOTAL Result Count = 0 (0)
RULECHECK M6.R.1H ................ TOTAL Result Count = 0 (0)
RULECHECK M7.R.1L ................ TOTAL Result Count = 0 (0)
RULECHECK M7.R.1H ................ TOTAL Result Count = 0 (0)
RULECHECK M8.R.1L ................ TOTAL Result Count = 0 (0)
RULECHECK M8.R.1H ................ TOTAL Result Count = 0 (0)
RULECHECK ADP.R.2A ............... TOTAL Result Count = 0 (0)
RULECHECK ADP.R.2B ............... TOTAL Result Count = 0 (0)
RULECHECK ADP.R.2C ............... TOTAL Result Count = 0 (0)
RULECHECK CSR_USER_GUIDE.1.M1 .... TOTAL Result Count = 0 (0)
RULECHECK CSR_USER_GUIDE.1.M2 .... TOTAL Result Count = 0 (0)
RULECHECK CSR_USER_GUIDE.1.M3 .... TOTAL Result Count = 0 (0)
RULECHECK CSR_USER_GUIDE.1.M4 .... TOTAL Result Count = 0 (0)
RULECHECK CSR_USER_GUIDE.1.M5 .... TOTAL Result Count = 0 (0)
RULECHECK CSR_USER_GUIDE.1.M6 .... TOTAL Result Count = 0 (0)
RULECHECK CSR_USER_GUIDE.1.M7 .... TOTAL Result Count = 0 (0)
RULECHECK CSR_USER_GUIDE.2.M1 .... TOTAL Result Count = 0 (0)
RULECHECK CSR_USER_GUIDE.2.M2 .... TOTAL Result Count = 0 (0)
RULECHECK CSR_USER_GUIDE.2.M3 .... TOTAL Result Count = 0 (0)
RULECHECK CSR_USER_GUIDE.2.M4 .... TOTAL Result Count = 0 (0)
RULECHECK CSR_USER_GUIDE.2.M5 .... TOTAL Result Count = 0 (0)
RULECHECK CSR_USER_GUIDE.2.M6 .... TOTAL Result Count = 0 (0)
RULECHECK CSR_USER_GUIDE.2.M7 .... TOTAL Result Count = 0 (0)
RULECHECK CSR_USER_GUIDE.2.M8 .... TOTAL Result Count = 0 (0)
RULECHECK CSR_USER_GUIDE.2.MD .... TOTAL Result Count = 0 (0)
RULECHECK ADP.S.1.CO ............. TOTAL Result Count = 0 (0)
RULECHECK ADP.S.2.VIA1 ........... TOTAL Result Count = 0 (0)
RULECHECK ADP.S.2.VIA2 ........... TOTAL Result Count = 0 (0)
RULECHECK ADP.S.2.VIA3 ........... TOTAL Result Count = 0 (0)
RULECHECK ADP.S.2.VIA4 ........... TOTAL Result Count = 0 (0)
RULECHECK ADP.S.2.VIA5 ........... TOTAL Result Count = 0 (0)
RULECHECK ADP.S.2.VIA6 ........... TOTAL Result Count = 0 (0)
RULECHECK ADP.S.3.VIA7 ........... TOTAL Result Count = 0 (0)
RULECHECK ADP.S.3.VIAD ........... TOTAL Result Count = 0 (0)
RULECHECK SR_USER_GUIDE.1.M1 ..... TOTAL Result Count = 0 (0)
RULECHECK SR_USER_GUIDE.1.M2 ..... TOTAL Result Count = 0 (0)
RULECHECK SR_USER_GUIDE.1.M3 ..... TOTAL Result Count = 0 (0)
RULECHECK SR_USER_GUIDE.1.M4 ..... TOTAL Result Count = 0 (0)
RULECHECK SR_USER_GUIDE.1.M5 ..... TOTAL Result Count = 0 (0)
RULECHECK SR_USER_GUIDE.1.M6 ..... TOTAL Result Count = 0 (0)
RULECHECK SR_USER_GUIDE.1.M7 ..... TOTAL Result Count = 0 (0)
RULECHECK SR_USER_GUIDE.1.M8 ..... TOTAL Result Count = 0 (0)
RULECHECK SR_USER_GUIDE.1.MD ..... TOTAL Result Count = 0 (0)
RULECHECK SR_USER_GUIDE.3.CO ..... TOTAL Result Count = 0 (0)
RULECHECK SR_USER_GUIDE.3.VIA1 ... TOTAL Result Count = 0 (0)
RULECHECK SR_USER_GUIDE.3.VIA2 ... TOTAL Result Count = 0 (0)
RULECHECK SR_USER_GUIDE.3.VIA3 ... TOTAL Result Count = 0 (0)
RULECHECK SR_USER_GUIDE.3.VIA4 ... TOTAL Result Count = 0 (0)
RULECHECK SR_USER_GUIDE.3.VIA5 ... TOTAL Result Count = 0 (0)
RULECHECK SR_USER_GUIDE.3.VIA6 ... TOTAL Result Count = 0 (0)
RULECHECK SR_USER_GUIDE.3.VIA7 ... TOTAL Result Count = 0 (0)
RULECHECK SR_USER_GUIDE.3.VIAD ... TOTAL Result Count = 0 (0)
RULECHECK CDU.I.1 ................ TOTAL Result Count = 0 (0)
RULECHECK CDU.I.2 ................ TOTAL Result Count = 0 (0)
RULECHECK LAT.2 .................. TOTAL Result Count = 0 (0)
RULECHECK LAT.3P ................. TOTAL Result Count = 0 (0)
RULECHECK LAT.3N ................. TOTAL Result Count = 0 (0)
RULECHECK AMS.1.M1 ............... TOTAL Result Count = 0 (0)
RULECHECK AM.R.3.M1 .............. TOTAL Result Count = 0 (0)
RULECHECK AMS.1.M2 ............... TOTAL Result Count = 0 (0)
RULECHECK AM.R.3.M2 .............. TOTAL Result Count = 0 (0)
RULECHECK AMS.1.M3 ............... TOTAL Result Count = 0 (0)
RULECHECK AM.R.3.M3 .............. TOTAL Result Count = 0 (0)
RULECHECK AMS.1.M4 ............... TOTAL Result Count = 0 (0)
RULECHECK AM.R.3.M4 .............. TOTAL Result Count = 0 (0)
RULECHECK AMS.1.M5 ............... TOTAL Result Count = 0 (0)
RULECHECK AM.R.3.M5 .............. TOTAL Result Count = 0 (0)
RULECHECK AMS.1.M6 ............... TOTAL Result Count = 0 (0)
RULECHECK AM.R.3.M6 .............. TOTAL Result Count = 0 (0)
RULECHECK AMS.1.M7 ............... TOTAL Result Count = 0 (0)
RULECHECK AM.R.3.M7 .............. TOTAL Result Count = 0 (0)
RULECHECK AMS.1.M8 ............... TOTAL Result Count = 0 (0)
RULECHECK AM.R.3.M8 .............. TOTAL Result Count = 0 (0)
RULECHECK AMS.1.MD ............... TOTAL Result Count = 0 (0)
RULECHECK AM.R.3.MD .............. TOTAL Result Count = 0 (0)
----------------------------------------------------------------------------------
--- RULECHECK RESULTS STATISTICS (BY CELL)
---
CELL M5M6 ................ TOTAL Result Count = 1 (26)
    RULECHECK VIA5.W.1 ... TOTAL Result Count = 1 (26)
CELL M6M7 ................ TOTAL Result Count = 1 (22)
    RULECHECK VIA6.W.1 ... TOTAL Result Count = 1 (22)
CELL alu ................. TOTAL Result Count = 2 (2)
    RULECHECK VIA1.W.1 ... TOTAL Result Count = 1 (1)
    RULECHECK VIA2.W.1 ... TOTAL Result Count = 1 (1)
CELL bitslice ............ TOTAL Result Count = 1 (1)
    RULECHECK PO.R.2 ..... TOTAL Result Count = 1 (1)
----------------------------------------------------------------------------------
--- SUMMARY
---
TOTAL CPU Time:                  0
TOTAL REAL Time:                 0
TOTAL Original Layer Geometries: 2125 (15837)
TOTAL DRC RuleChecks Executed:   386
TOTAL DRC Results Generated:     5 (51)
